From: <mailfrom@example.com>
To: <mailto@example.com>
Subject: my subject
User-Agent: sendmail_wrapper

My body
